###############################################################################
#
# IAR ELF Linker V9.32.1.338/W64 for ARM                  09/Mar/2023  14:11:40
# Copyright 2007-2022 IAR Systems AB.
#
#    Output file  =
#        C:\Users\obed.oyandut\OneDrive - D.Med Consulting
#        GmbH\Documents\Azure_RTOS_threadx_demo\threadx_modified\debug\threadx_demo.out
#    Map file     =
#        C:\Users\obed.oyandut\OneDrive - D.Med Consulting
#        GmbH\Documents\Azure_RTOS_threadx_demo\threadx_modified\debug\list\threadx_demo.map
#    Command line =
#        -f "C:\Users\obed.oyandut\OneDrive - D.Med Consulting
#        GmbH\Documents\Azure_RTOS_threadx_demo\threadx_modified\Debug\threadx_demo.out.rsp"
#        ("C:\Users\obed.oyandut\OneDrive - D.Med Consulting
#        GmbH\Documents\Azure_RTOS_threadx_demo\threadx_modified\Debug\obj\board\board.o"
#        "C:\Users\obed.oyandut\OneDrive - D.Med Consulting
#        GmbH\Documents\Azure_RTOS_threadx_demo\threadx_modified\Debug\obj\board\clock_config.o"
#        "C:\Users\obed.oyandut\OneDrive - D.Med Consulting
#        GmbH\Documents\Azure_RTOS_threadx_demo\threadx_modified\Debug\obj\board\dcd.o"
#        "C:\Users\obed.oyandut\OneDrive - D.Med Consulting
#        GmbH\Documents\Azure_RTOS_threadx_demo\threadx_modified\Debug\obj\xip\evkbimxrt1050_flexspi_nor_config.o"
#        "C:\Users\obed.oyandut\OneDrive - D.Med Consulting
#        GmbH\Documents\Azure_RTOS_threadx_demo\threadx_modified\Debug\obj\component\uart\fsl_adapter_lpuart.o"
#        "C:\Users\obed.oyandut\OneDrive - D.Med Consulting
#        GmbH\Documents\Azure_RTOS_threadx_demo\threadx_modified\Debug\obj\utilities\fsl_assert.o"
#        "C:\Users\obed.oyandut\OneDrive - D.Med Consulting
#        GmbH\Documents\Azure_RTOS_threadx_demo\threadx_modified\Debug\obj\drivers\fsl_clock.o"
#        "C:\Users\obed.oyandut\OneDrive - D.Med Consulting
#        GmbH\Documents\Azure_RTOS_threadx_demo\threadx_modified\Debug\obj\drivers\fsl_common.o"
#        "C:\Users\obed.oyandut\OneDrive - D.Med Consulting
#        GmbH\Documents\Azure_RTOS_threadx_demo\threadx_modified\Debug\obj\drivers\fsl_common_arm.o"
#        "C:\Users\obed.oyandut\OneDrive - D.Med Consulting
#        GmbH\Documents\Azure_RTOS_threadx_demo\threadx_modified\Debug\obj\component\lists\fsl_component_generic_list.o"
#        "C:\Users\obed.oyandut\OneDrive - D.Med Consulting
#        GmbH\Documents\Azure_RTOS_threadx_demo\threadx_modified\Debug\obj\component\serial_manager\fsl_component_serial_manager.o"
#        "C:\Users\obed.oyandut\OneDrive - D.Med Consulting
#        GmbH\Documents\Azure_RTOS_threadx_demo\threadx_modified\Debug\obj\component\serial_manager\fsl_component_serial_port_uart.o"
#        "C:\Users\obed.oyandut\OneDrive - D.Med Consulting
#        GmbH\Documents\Azure_RTOS_threadx_demo\threadx_modified\Debug\obj\utilities\fsl_debug_console.o"
#        "C:\Users\obed.oyandut\OneDrive - D.Med Consulting
#        GmbH\Documents\Azure_RTOS_threadx_demo\threadx_modified\Debug\obj\xip\fsl_flexspi_nor_boot.o"
#        "C:\Users\obed.oyandut\OneDrive - D.Med Consulting
#        GmbH\Documents\Azure_RTOS_threadx_demo\threadx_modified\Debug\obj\drivers\fsl_gpio.o"
#        "C:\Users\obed.oyandut\OneDrive - D.Med Consulting
#        GmbH\Documents\Azure_RTOS_threadx_demo\threadx_modified\Debug\obj\drivers\fsl_lpuart.o"
#        "C:\Users\obed.oyandut\OneDrive - D.Med Consulting
#        GmbH\Documents\Azure_RTOS_threadx_demo\threadx_modified\Debug\obj\utilities\fsl_str.o"
#        "C:\Users\obed.oyandut\OneDrive - D.Med Consulting
#        GmbH\Documents\Azure_RTOS_threadx_demo\threadx_modified\azure-rtos\binary\threadx\cortex_m7\iar\libthreadx.a"
#        "C:\Users\obed.oyandut\OneDrive - D.Med Consulting
#        GmbH\Documents\Azure_RTOS_threadx_demo\threadx_modified\Debug\obj\board\pin_mux.o"
#        "C:\Users\obed.oyandut\OneDrive - D.Med Consulting
#        GmbH\Documents\Azure_RTOS_threadx_demo\threadx_modified\Debug\obj\startup\startup_MIMXRT1052.o"
#        "C:\Users\obed.oyandut\OneDrive - D.Med Consulting
#        GmbH\Documents\Azure_RTOS_threadx_demo\threadx_modified\Debug\obj\device\system_MIMXRT1052.o"
#        "C:\Users\obed.oyandut\OneDrive - D.Med Consulting
#        GmbH\Documents\Azure_RTOS_threadx_demo\threadx_modified\Debug\obj\source\threadx_demo.o"
#        "C:\Users\obed.oyandut\OneDrive - D.Med Consulting
#        GmbH\Documents\Azure_RTOS_threadx_demo\threadx_modified\Debug\obj\azure-rtos\threadx\ports\common\tx_initialize_low_level.o"
#        "C:\Users\obed.oyandut\OneDrive - D.Med Consulting
#        GmbH\Documents\Azure_RTOS_threadx_demo\threadx_modified\Debug\obj\azure-rtos\threadx\ports\cortex_m7\iar\src\tx_thread_context_restore.o"
#        "C:\Users\obed.oyandut\OneDrive - D.Med Consulting
#        GmbH\Documents\Azure_RTOS_threadx_demo\threadx_modified\Debug\obj\azure-rtos\threadx\ports\cortex_m7\iar\src\tx_thread_context_save.o"
#        "C:\Users\obed.oyandut\OneDrive - D.Med Consulting
#        GmbH\Documents\Azure_RTOS_threadx_demo\threadx_modified\Debug\obj\azure-rtos\threadx\ports\cortex_m7\iar\src\tx_thread_interrupt_control.o"
#        "C:\Users\obed.oyandut\OneDrive - D.Med Consulting
#        GmbH\Documents\Azure_RTOS_threadx_demo\threadx_modified\Debug\obj\azure-rtos\threadx\ports\cortex_m7\iar\src\tx_thread_interrupt_disable.o"
#        "C:\Users\obed.oyandut\OneDrive - D.Med Consulting
#        GmbH\Documents\Azure_RTOS_threadx_demo\threadx_modified\Debug\obj\azure-rtos\threadx\ports\cortex_m7\iar\src\tx_thread_interrupt_restore.o"
#        "C:\Users\obed.oyandut\OneDrive - D.Med Consulting
#        GmbH\Documents\Azure_RTOS_threadx_demo\threadx_modified\Debug\obj\azure-rtos\threadx\ports\cortex_m7\iar\src\tx_thread_schedule.o"
#        "C:\Users\obed.oyandut\OneDrive - D.Med Consulting
#        GmbH\Documents\Azure_RTOS_threadx_demo\threadx_modified\Debug\obj\azure-rtos\threadx\ports\cortex_m7\iar\src\tx_thread_stack_build.o"
#        "C:\Users\obed.oyandut\OneDrive - D.Med Consulting
#        GmbH\Documents\Azure_RTOS_threadx_demo\threadx_modified\Debug\obj\azure-rtos\threadx\ports\cortex_m7\iar\src\tx_thread_system_return.o"
#        "C:\Users\obed.oyandut\OneDrive - D.Med Consulting
#        GmbH\Documents\Azure_RTOS_threadx_demo\threadx_modified\Debug\obj\azure-rtos\threadx\ports\cortex_m7\iar\src\tx_timer_interrupt.o"
#        --redirect _Printf=_PrintfSmallNoMb --redirect _Scanf=_ScanfSmallNoMb
#        --no_out_extension -o "C:\Users\obed.oyandut\OneDrive - D.Med
#        Consulting
#        GmbH\Documents\Azure_RTOS_threadx_demo\threadx_modified\debug\threadx_demo.out"
#        --map "C:\Users\obed.oyandut\OneDrive - D.Med Consulting
#        GmbH\Documents\Azure_RTOS_threadx_demo\threadx_modified\debug\list\threadx_demo.map"
#        --config "C:\Users\obed.oyandut\OneDrive - D.Med Consulting
#        GmbH\Documents\Azure_RTOS_threadx_demo\threadx_modified/MIMXRT1052/iar/MIMXRT1052xxxxx_ram.icf"
#        --semihosting --entry Reset_Handler --vfe --text_out locale
#        --cpu=Cortex-M7 --fpu=VFPv5_d16)
#
###############################################################################

*******************************************************************************
*** RUNTIME MODEL ATTRIBUTES
***

CppFlavor       = *
__CPP_Runtime   = 1
__Heap_Handler  = DLMalloc
__SystemLibrary = DLib
__dlib_version  = 6


*******************************************************************************
*** HEAP SELECTION
***

The advanced heap was selected because the application calls
memory allocation functions outside of system library functions,
there are calls to deallocation functions in the application, and
the application appears to be primarily optimized for speed.


*******************************************************************************
*** PLACEMENT SUMMARY
***

"A0":  place at address 0x0 { ro section .intvec };
"P1":  place in [from 0x0 to 0x3ff] |
                [from 0x400 to 0x1'ffff] { ro };
define block RW { rw };
"P2":  place in [from 0x2000'0000 to 0x2001'fbff] { block RW };
define block ZI { zi };
"P3":  place in [from 0x2000'0000 to 0x2001'fbff] { block ZI };
define block HEAP with size = 1K, alignment = 8 { };
"P4":  place in [from 0x2000'0000 to 0x2001'fbff] { block HEAP };
define block CSTACK with size = 1K, alignment = 8 { };
"P6":  place in [from 0x2001'fc00 to 0x2001'ffff] { block CSTACK };
define block NCACHE_VAR { section NonCacheable, section NonCacheable.init };
"P7":  place in [from 0x2020'0000 to 0x2023'ffff] { block NCACHE_VAR };
initialize by copy { rw, section .textrw };

No sections matched the following patterns:

  section FREE_MEM           in "P5"
  section NonCacheable.init  in block NCACHE_VAR


  Section            Kind         Address    Size  Object
  -------            ----         -------    ----  ------
"A0":                                       0x400
  .intvec            ro code          0x0   0x400  startup_MIMXRT1052.o [10]
                                  - 0x400   0x400

"P1":                                      0x742c
  .text              ro code        0x400   0xb40  fsl_str.o [11]
  .text              ro code        0xf40   0x274  I64DivMod.o [16]
  .text              ro code       0x11b4    0x9e  modf.o [15]
  .text              ro code       0x1252    0x2a  copy_init3.o [16]
  .text              ro code       0x127c   0x514  pow64.o [15]
  .text              ro code       0x1790    0x66  DblToS64.o [15]
  .rodata            const         0x17f6     0x2  clock_config.o [3]
  .text              ro code       0x17f8    0x54  S64ToDbl.o [15]
  .text              ro code       0x184c    0xa6  ABImemcpy.o [16]
  .text              ro code       0x18f2     0x2  startup_MIMXRT1052.o [10]
  .text              ro code       0x18f4    0x36  strlen.o [16]
  .text              ro code       0x192a     0x2  startup_MIMXRT1052.o [10]
  .text              ro code       0x192c     0x2  I64DivZer.o [16]
  .text              ro code       0x192e     0x2  startup_MIMXRT1052.o [10]
  .text              ro code       0x1930    0x24  errno.o [13]
  .text              ro code       0x1954    0x7c  frexp.o [15]
  .text              ro code       0x19d0   0x2c0  iar_Exp64.o [15]
  .text              ro code       0x1c90     0x4  tp_nothreads.o [13]
  .text              ro code       0x1c94    0xf0  ldexp.o [15]
  .text              ro code       0x1d84   0x900  clock_config.o [3]
  .text              ro code       0x2684    0x1c  fsl_assert.o [11]
  .text              ro code       0x26a0   0x570  fsl_clock.o [8]
  .text              ro code       0x2c10   0x1e8  fsl_debug_console.o [11]
  .text              ro code       0x2df8   0x15e  fsl_component_serial_manager.o [5]
  .text              ro code       0x2f56     0x2  startup_MIMXRT1052.o [10]
  .text              ro code       0x2f58     0x6  ABImemclr4.o [16]
  .text              ro code       0x2f5e     0x2  startup_MIMXRT1052.o [10]
  .text              ro code       0x2f60    0x66  ABImemset.o [16]
  .text              ro code       0x2fc6    0x48  fsl_component_serial_port_uart.o [5]
  .text              ro code       0x300e     0x2  startup_MIMXRT1052.o [10]
  .text              ro code       0x3010    0x32  ABImemset48.o [16]
  .text              ro code       0x3042     0x2  startup_MIMXRT1052.o [10]
  .text              ro code       0x3044   0x1c8  fsl_adapter_lpuart.o [6]
  .text              ro code       0x320c   0x4c8  fsl_lpuart.o [8]
  .text              ro code       0x36d4   0x504  threadx_demo.o [9]
  .text              ro code       0x3bd8   0x3a0  board.o [3]
  .text              ro code       0x3f78   0x128  pin_mux.o [3]
  .text              ro code       0x40a0    0x44  tx_initialize_kernel_enter.o [14]
  .text              ro code       0x40e4    0xc0  txe_byte_pool_create.o [14]
  .text              ro code       0x41a4    0x80  txe_byte_allocate.o [14]
  .text              ro code       0x4224   0x144  txe_thread_create.o [14]
  .text              ro code       0x4368    0xd4  txe_queue_create.o [14]
  .text              ro code       0x443c    0xa0  txe_semaphore_create.o [14]
  .text              ro code       0x44dc    0xa4  txe_event_flags_create.o [14]
  .text              ro code       0x4580    0xb4  txe_mutex_create.o [14]
  .text              ro code       0x4634    0xd4  txe_block_pool_create.o [14]
  .text              ro code       0x4708    0x50  txe_block_allocate.o [14]
  .text              ro code       0x4758    0x20  txe_block_release.o [14]
  .text              ro code       0x4778    0x80  tx_thread_sleep.o [14]
  .text              ro code       0x47f8    0x2c  txe_event_flags_set.o [14]
  .text              ro code       0x4824    0x50  txe_queue_send.o [14]
  .text              ro code       0x4874    0x50  txe_queue_receive.o [14]
  .text              ro code       0x48c4    0x48  txe_semaphore_get.o [14]
  .text              ro code       0x490c    0x18  txe_semaphore_put.o [14]
  .text              ro code       0x4924    0x54  txe_event_flags_get.o [14]
  .text              ro code       0x4978    0x68  txe_mutex_get.o [14]
  .text              ro code       0x49e0    0x38  txe_mutex_put.o [14]
  .text              ro code       0x4a18    0xfc  tx_initialize_low_level.o [1]
  .text              ro code       0x4b14    0x2c  tx_initialize_high_level.o [14]
  .text              ro code       0x4b40    0xc0  tx_thread_schedule.o [2]
  .text              ro code       0x4c00    0x40  tx_thread_system_preempt_check.o [14]
  .text              ro code       0x4c40    0x80  tx_byte_pool_create.o [14]
  .text              ro code       0x4cc0    0xc4  tx_byte_allocate.o [14]
  .text              ro code       0x4d84   0x124  tx_thread_create.o [14]
  .text              ro code       0x4ea8    0x74  tx_queue_create.o [14]
  .text              ro code       0x4f1c    0x50  tx_semaphore_create.o [14]
  .text              ro code       0x4f6c    0x4c  tx_event_flags_create.o [14]
  .text              ro code       0x4fb8    0x60  tx_mutex_create.o [14]
  .text              ro code       0x5018    0xa4  tx_block_pool_create.o [14]
  .text              ro code       0x50bc    0x9c  tx_block_allocate.o [14]
  .text              ro code       0x5158    0x64  tx_block_release.o [14]
  .text              ro code       0x51bc   0x19c  tx_thread_system_suspend.o [14]
  .text              ro code       0x5358   0x1c8  tx_event_flags_set.o [14]
  .text              ro code       0x5520   0x154  tx_queue_send.o [14]
  .text              ro code       0x5674   0x1c8  tx_queue_receive.o [14]
  .text              ro code       0x583c    0x90  tx_semaphore_get.o [14]
  .text              ro code       0x58cc    0x68  tx_semaphore_put.o [14]
  .text              ro code       0x5934    0xe0  tx_event_flags_get.o [14]
  .text              ro code       0x5a14   0x110  tx_mutex_get.o [14]
  .text              ro code       0x5b24   0x1d6  tx_mutex_put.o [14]
  .text              ro code       0x5cfc    0xb8  tx_timer_interrupt.o [2]
  .text              ro code       0x5db4    0x40  tx_thread_initialize.o [14]
  .text              ro code       0x5df4    0xa0  tx_timer_initialize.o [14]
  .text              ro code       0x5e94    0xf8  tx_byte_pool_search.o [14]
  .text              ro code       0x5f8c    0x44  tx_thread_stack_build.o [2]
  .text              ro code       0x5fd0   0x120  tx_thread_system_resume.o [14]
  .text              ro code       0x60f0    0x60  tx_timer_system_activate.o [14]
  .text              ro code       0x6150    0xcc  tx_mutex_priority_change.o [14]
  .text              ro code       0x621c    0x9c  tx_mutex_prioritize.o [14]
  .text              ro code       0x62b8    0x20  tx_timer_expiration_process.o [14]
  .text              ro code       0x62d8    0x64  tx_thread_time_slice.o [14]
  .text              ro code       0x633c    0x2c  tx_timer_system_deactivate.o [14]
  .rodata            const         0x6368   0x420  pow64.o [15]
  .text              ro code       0x6788   0x104  tx_timer_thread_entry.o [14]
  .text              ro code       0x688c    0xf4  system_MIMXRT1052.o [7]
  .text              ro code       0x6980     0x2  system_MIMXRT1052.o [7]
  .text              ro code       0x6984    0xbc  tx_mutex_cleanup.o [14]
  .rodata            const         0x6a40    0x90  fsl_adapter_lpuart.o [6]
  .text              ro code       0x6ad0    0x84  tx_event_flags_cleanup.o [14]
  .text              ro code       0x6b54    0x84  tx_queue_cleanup.o [14]
  .rodata            const         0x6bd8    0x80  clock_config.o [3]
  .rodata            const         0x6c58    0x80  fsl_clock.o [8]
  .rodata            const         0x6cd8    0x80  fsl_lpuart.o [8]
  .rodata            const         0x6d58    0x80  fsl_lpuart.o [8]
  .rodata            const         0x6dd8    0x80  pin_mux.o [3]
  .text              ro code       0x6e58    0x7c  tx_block_pool_cleanup.o [14]
  .text              ro code       0x6ed4    0x7c  tx_byte_pool_cleanup.o [14]
  .text              ro code       0x6f50    0x7c  tx_semaphore_cleanup.o [14]
  .text              ro code       0x6fcc    0x7c  tx_thread_shell_entry.o [14]
  .rodata            const         0x7048    0x78  board.o [3]
  .rodata            const         0x70c0    0x4c  fsl_adapter_lpuart.o [6]
  .rodata            const         0x710c    0x40  fsl_lpuart.o [8]
  .text              ro code       0x714c    0x38  zero_init3.o [16]
  .text              ro code       0x7184    0x34  tx_thread_timeout.o [14]
  .rodata            const         0x71b8    0x2c  fsl_adapter_lpuart.o [6]
  .rodata            const         0x71e4    0x2c  fsl_assert.o [11]
  .rodata            const         0x7210    0x28  fsl_lpuart.o [8]
  .rodata            const         0x7238    0x28  fsl_lpuart.o [8]
  .text              ro code       0x7260    0x28  startup_MIMXRT1052.o [10]
  .text              ro code       0x7288    0x28  data_init.o [16]
  .rodata            const         0x72b0    0x24  fsl_adapter_lpuart.o [6]
  .rodata            const         0x72d4    0x24  fsl_lpuart.o [8]
  .text              ro code       0x72f8    0x22  fpinit_M.o [15]
  .iar.init_table    const         0x731c    0x2c  - Linker created -
  .text              ro code       0x7348    0x1e  cmain.o [16]
  .text              ro code       0x7366     0x4  low_level_init.o [13]
  .text              ro code       0x736a     0x4  exit.o [13]
  .text              ro code       0x7370     0xa  cexit.o [16]
  .text              ro code       0x737c    0x14  exit.o [17]
  .rodata            const         0x7390    0x1c  board.o [3]
  .rodata            const         0x73ac    0x1c  fsl_lpuart.o [8]
  .text              ro code       0x73c8    0x1c  cstartup_M.o [16]
  .rodata            const         0x73e4    0x18  board.o [3]
  .rodata            const         0x73fc    0x18  clock_config.o [3]
  .rodata            const         0x7414    0x18  threadx_demo.o [9]
  .rodata            const         0x742c    0x18  threadx_demo.o [9]
  .rodata            const         0x7444    0x18  threadx_demo.o [9]
  .rodata            const         0x745c    0x18  threadx_demo.o [9]
  .rodata            const         0x7474    0x18  threadx_demo.o [9]
  .rodata            const         0x748c    0x18  threadx_demo.o [9]
  .rodata            const         0x74a4    0x18  threadx_demo.o [9]
  .rodata            const         0x74bc    0x18  threadx_demo.o [9]
  .rodata            const         0x74d4    0x18  threadx_demo.o [9]
  .rodata            const         0x74ec    0x18  threadx_demo.o [9]
  .rodata            const         0x7504    0x18  threadx_demo.o [9]
  .rodata            const         0x751c    0x14  clock_config.o [3]
  .rodata            const         0x7530    0x14  fsl_debug_console.o [11]
  .rodata            const         0x7544    0x14  fsl_lpuart.o [8]
  .rodata            const         0x7558    0x10  clock_config.o [3]
  .rodata            const         0x7568    0x10  fsl_clock.o [8]
  .rodata            const         0x7578    0x10  fsl_clock.o [8]
  .rodata            const         0x7588    0x10  fsl_lpuart.o [8]
  .rodata            const         0x7598    0x10  pin_mux.o [3]
  .rodata            const         0x75a8    0x10  threadx_demo.o [9]
  .rodata            const         0x75b8    0x10  threadx_demo.o [9]
  .rodata            const         0x75c8     0xc  fsl_adapter_lpuart.o [6]
  .rodata            const         0x75d4     0xc  fsl_adapter_lpuart.o [6]
  .rodata            const         0x75e0     0xc  fsl_adapter_lpuart.o [6]
  .rodata            const         0x75ec     0xc  fsl_adapter_lpuart.o [6]
  .rodata            const         0x75f8     0xc  fsl_lpuart.o [8]
  .rodata            const         0x7604     0xc  fsl_lpuart.o [8]
  .rodata            const         0x7610     0xc  threadx_demo.o [9]
  .rodata            const         0x761c     0xc  threadx_demo.o [9]
  .rodata            const         0x7628     0xc  threadx_demo.o [9]
  .rodata            const         0x7634     0xc  threadx_demo.o [9]
  .rodata            const         0x7640     0xc  threadx_demo.o [9]
  .rodata            const         0x764c     0xc  threadx_demo.o [9]
  .rodata            const         0x7658     0xc  threadx_demo.o [9]
  .rodata            const         0x7664     0xc  threadx_demo.o [9]
  .rodata            const         0x7670     0xc  threadx_demo.o [9]
  .rodata            const         0x767c     0xc  threadx_demo.o [9]
  .rodata            const         0x7688     0x8  board.o [3]
  .rodata            const         0x7690     0x8  clock_config.o [3]
  .rodata            const         0x7698     0x8  threadx_demo.o [9]
  .rodata            const         0x76a0     0x8  threadx_demo.o [9]
  .text              ro code       0x76a8     0x8  startup_MIMXRT1052.o [10]
  .text              ro code       0x76b0     0x8  startup_MIMXRT1052.o [10]
  .text              ro code       0x76b8     0x8  startup_MIMXRT1052.o [10]
  .text              ro code       0x76c0     0x8  startup_MIMXRT1052.o [10]
  .text              ro code       0x76c8     0x8  startup_MIMXRT1052.o [10]
  .text              ro code       0x76d0     0x8  startup_MIMXRT1052.o [10]
  .text              ro code       0x76d8     0x8  startup_MIMXRT1052.o [10]
  .text              ro code       0x76e0     0x8  startup_MIMXRT1052.o [10]
  .text              ro code       0x76e8     0x8  startup_MIMXRT1052.o [10]
  .text              ro code       0x76f0     0x8  startup_MIMXRT1052.o [10]
  .text              ro code       0x76f8     0x8  startup_MIMXRT1052.o [10]
  .text              ro code       0x7700     0x8  startup_MIMXRT1052.o [10]
  .text              ro code       0x7708     0x8  startup_MIMXRT1052.o [10]
  .text              ro code       0x7710     0x8  startup_MIMXRT1052.o [10]
  .text              ro code       0x7718     0x8  startup_MIMXRT1052.o [10]
  .text              ro code       0x7720     0x8  startup_MIMXRT1052.o [10]
  .text              ro code       0x7728     0x8  startup_MIMXRT1052.o [10]
  .text              ro code       0x7730     0x8  startup_MIMXRT1052.o [10]
  .text              ro code       0x7738     0x8  startup_MIMXRT1052.o [10]
  .text              ro code       0x7740     0x8  startup_MIMXRT1052.o [10]
  .text              ro code       0x7748     0x8  startup_MIMXRT1052.o [10]
  .text              ro code       0x7750     0x8  startup_MIMXRT1052.o [10]
  .text              ro code       0x7758     0x8  startup_MIMXRT1052.o [10]
  .text              ro code       0x7760     0x8  startup_MIMXRT1052.o [10]
  .text              ro code       0x7768     0x8  startup_MIMXRT1052.o [10]
  .text              ro code       0x7770     0x8  startup_MIMXRT1052.o [10]
  .text              ro code       0x7778     0x8  startup_MIMXRT1052.o [10]
  .text              ro code       0x7780     0x8  startup_MIMXRT1052.o [10]
  .text              ro code       0x7788     0x8  startup_MIMXRT1052.o [10]
  .text              ro code       0x7790     0x8  startup_MIMXRT1052.o [10]
  .text              ro code       0x7798     0x8  startup_MIMXRT1052.o [10]
  .text              ro code       0x77a0     0x8  startup_MIMXRT1052.o [10]
  .text              ro code       0x77a8     0x8  startup_MIMXRT1052.o [10]
  .text              ro code       0x77b0     0x8  startup_MIMXRT1052.o [10]
  .text              ro code       0x77b8     0x8  startup_MIMXRT1052.o [10]
  .text              ro code       0x77c0     0x8  startup_MIMXRT1052.o [10]
  .text              ro code       0x77c8     0x8  startup_MIMXRT1052.o [10]
  .text              ro code       0x77d0     0x8  startup_MIMXRT1052.o [10]
  .text              ro code       0x77d8     0x8  startup_MIMXRT1052.o [10]
  .text              ro code       0x77e0     0x8  startup_MIMXRT1052.o [10]
  .text              ro code       0x77e8     0x8  startup_MIMXRT1052.o [10]
  .text              ro code       0x77f0     0x8  startup_MIMXRT1052.o [10]
  .text              ro code       0x77f8     0x8  startup_MIMXRT1052.o [10]
  .text              ro code       0x7800     0x8  startup_MIMXRT1052.o [10]
  .text              ro code       0x7808     0x8  startup_MIMXRT1052.o [10]
  .text              ro code       0x7810     0x8  startup_MIMXRT1052.o [10]
  .text              ro code       0x7818     0x8  startup_MIMXRT1052.o [10]
  Initializer bytes  const         0x7820     0x8  <for RW-1>
  .text              ro code       0x7828     0x4  startup_MIMXRT1052.o [10]
  .rodata            const         0x782c     0x0  zero_init3.o [16]
  .rodata            const         0x782c     0x0  copy_init3.o [16]
                                 - 0x782c  0x742c

"P2-P4", part 1 of 3:                         0x8
  RW                          0x2000'0000     0x8  <Block>
    RW-1                      0x2000'0000     0x8  <Init block>
      .data          inited   0x2000'0000     0x4  system_MIMXRT1052.o [7]
      .data          inited   0x2000'0004     0x4  tx_thread_initialize.o [14]
                            - 0x2000'0008     0x8

"P2-P4", part 2 of 3:                      0x3124
  ZI                          0x2000'0008  0x3124  <Block>
    .bss             zero     0x2000'0008     0x4  fsl_clock.o [8]
    .bss             zero     0x2000'000c     0x4  fsl_clock.o [8]
    .bss             zero     0x2000'0010     0x4  fsl_debug_console.o [11]
    .bss             zero     0x2000'0014    0x24  fsl_lpuart.o [8]
    .bss             zero     0x2000'0038    0x24  fsl_lpuart.o [8]
    .bss             zero     0x2000'005c    0xb4  threadx_demo.o [9]
    .bss             zero     0x2000'0110    0xb4  threadx_demo.o [9]
    .bss             zero     0x2000'01c4    0xb4  threadx_demo.o [9]
    .bss             zero     0x2000'0278    0xb4  threadx_demo.o [9]
    .bss             zero     0x2000'032c    0xb4  threadx_demo.o [9]
    .bss             zero     0x2000'03e0    0xb4  threadx_demo.o [9]
    .bss             zero     0x2000'0494    0xb4  threadx_demo.o [9]
    .bss             zero     0x2000'0548    0xb4  threadx_demo.o [9]
    .bss             zero     0x2000'05fc    0x3c  threadx_demo.o [9]
    .bss             zero     0x2000'0638    0x20  threadx_demo.o [9]
    .bss             zero     0x2000'0658    0x34  threadx_demo.o [9]
    .bss             zero     0x2000'068c    0x28  threadx_demo.o [9]
    .bss             zero     0x2000'06b4    0x34  threadx_demo.o [9]
    .bss             zero     0x2000'06e8    0x30  threadx_demo.o [9]
    .bss             zero     0x2000'0718     0x4  threadx_demo.o [9]
    .bss             zero     0x2000'071c     0x4  threadx_demo.o [9]
    .bss             zero     0x2000'0720     0x4  threadx_demo.o [9]
    .bss             zero     0x2000'0724     0x4  threadx_demo.o [9]
    .bss             zero     0x2000'0728     0x4  threadx_demo.o [9]
    .bss             zero     0x2000'072c     0x4  threadx_demo.o [9]
    .bss             zero     0x2000'0730     0x4  threadx_demo.o [9]
    .bss             zero     0x2000'0734     0x4  threadx_demo.o [9]
    .bss             zero     0x2000'0738     0x4  threadx_demo.o [9]
    .bss             zero     0x2000'073c     0x4  threadx_demo.o [9]
    .bss             zero     0x2000'0740  0x23a0  threadx_demo.o [9]
    .bss             zero     0x2000'2ae0    0x30  tx_initialize_high_level.o [14]
    .bss             zero     0x2000'2b10     0x4  tx_initialize_high_level.o [14]
    .bss             zero     0x2000'2b14    0xa8  tx_thread_initialize.o [14]
    .bss             zero     0x2000'2bbc   0x568  tx_timer_initialize.o [14]
    .tbss            zero     0x2000'3124     0x4  errno.o [13]
    .bss             zero     0x2000'3128     0x1  fsl_debug_console.o [11]
                            - 0x2000'312c  0x3124

"P2-P4", part 3 of 3:                       0x400
  HEAP                        0x2000'3130   0x400  <Block>
    HEAP             uninit   0x2000'3130   0x400  <Block tail>
                            - 0x2000'3530   0x400

"P6":                                       0x400
  CSTACK                      0x2001'fc00   0x400  <Block>
    CSTACK           uninit   0x2001'fc00   0x400  <Block tail>
                            - 0x2002'0000   0x400

"P7":                                        0x20
  NCACHE_VAR                  0x2020'0000    0x20  <Block>
    NonCacheable     zero     0x2020'0000    0x20  fsl_debug_console.o [11]
                            - 0x2020'0020    0x20

Unused ranges:

         From           To      Size
         ----           --      ----
       0x782c     0x1'ffff  0x1'87d4
  0x2000'312c  0x2000'312f       0x4
  0x2000'3530  0x2001'fbff  0x1'c6d0
  0x2020'0020  0x2023'ffff  0x3'ffe0


*******************************************************************************
*** INIT TABLE
***

          Address      Size
          -------      ----
Zero (__iar_zero_init3)
    2 destination ranges, total size 0x3141:
          0x2000'0008  0x3121
          0x2020'0000    0x20

Copy (__iar_copy_init3)
    1 source range, total size 0x8:
               0x7820     0x8
    1 destination range, total size 0x8:
          0x2000'0000     0x8



*******************************************************************************
*** MODULE SUMMARY
***

    Module                            ro code  ro data  rw data
    ------                            -------  -------  -------
command line/config:
    -----------------------------------------------------------
    Total:

C:\Users\obed.oyandut\OneDrive - D.Med Consulting GmbH\Documents\Azure_RTOS_threadx_demo\threadx_modified\Debug\obj\azure-rtos\threadx\ports\common: [1]
    tx_initialize_low_level.o             252
    -----------------------------------------------------------
    Total:                                252

C:\Users\obed.oyandut\OneDrive - D.Med Consulting GmbH\Documents\Azure_RTOS_threadx_demo\threadx_modified\Debug\obj\azure-rtos\threadx\ports\cortex_m7\iar\src: [2]
    tx_thread_schedule.o                  192
    tx_thread_stack_build.o                68
    tx_timer_interrupt.o                  184
    -----------------------------------------------------------
    Total:                                444

C:\Users\obed.oyandut\OneDrive - D.Med Consulting GmbH\Documents\Azure_RTOS_threadx_demo\threadx_modified\Debug\obj\board: [3]
    board.o                               928      180
    clock_config.o                      2'304      198
    pin_mux.o                             296      144
    -----------------------------------------------------------
    Total:                              3'528      522

C:\Users\obed.oyandut\OneDrive - D.Med Consulting GmbH\Documents\Azure_RTOS_threadx_demo\threadx_modified\Debug\obj\component\lists: [4]
    -----------------------------------------------------------
    Total:

C:\Users\obed.oyandut\OneDrive - D.Med Consulting GmbH\Documents\Azure_RTOS_threadx_demo\threadx_modified\Debug\obj\component\serial_manager: [5]
    fsl_component_serial_manager.o        350
    fsl_component_serial_port_uart.o       72
    -----------------------------------------------------------
    Total:                                422

C:\Users\obed.oyandut\OneDrive - D.Med Consulting GmbH\Documents\Azure_RTOS_threadx_demo\threadx_modified\Debug\obj\component\uart: [6]
    fsl_adapter_lpuart.o                  456      348
    -----------------------------------------------------------
    Total:                                456      348

C:\Users\obed.oyandut\OneDrive - D.Med Consulting GmbH\Documents\Azure_RTOS_threadx_demo\threadx_modified\Debug\obj\device: [7]
    system_MIMXRT1052.o                   246        4        4
    -----------------------------------------------------------
    Total:                                246        4        4

C:\Users\obed.oyandut\OneDrive - D.Med Consulting GmbH\Documents\Azure_RTOS_threadx_demo\threadx_modified\Debug\obj\drivers: [8]
    fsl_clock.o                         1'392      160        8
    fsl_lpuart.o                        1'224      524       72
    -----------------------------------------------------------
    Total:                              2'616      684       80

C:\Users\obed.oyandut\OneDrive - D.Med Consulting GmbH\Documents\Azure_RTOS_threadx_demo\threadx_modified\Debug\obj\source: [9]
    threadx_demo.o                      1'284      432   10'884
    -----------------------------------------------------------
    Total:                              1'284      432   10'884

C:\Users\obed.oyandut\OneDrive - D.Med Consulting GmbH\Documents\Azure_RTOS_threadx_demo\threadx_modified\Debug\obj\startup: [10]
    startup_MIMXRT1052.o                1'458
    -----------------------------------------------------------
    Total:                              1'458

C:\Users\obed.oyandut\OneDrive - D.Med Consulting GmbH\Documents\Azure_RTOS_threadx_demo\threadx_modified\Debug\obj\utilities: [11]
    fsl_assert.o                           28       44
    fsl_debug_console.o                   488       20       37
    fsl_str.o                           2'880
    -----------------------------------------------------------
    Total:                              3'396       64       37

C:\Users\obed.oyandut\OneDrive - D.Med Consulting GmbH\Documents\Azure_RTOS_threadx_demo\threadx_modified\Debug\obj\xip: [12]
    -----------------------------------------------------------
    Total:

dl7M_tln.a: [13]
    errno.o                                36                 4
    exit.o                                  4
    low_level_init.o                        4
    tp_nothreads.o                          4
    -----------------------------------------------------------
    Total:                                 48                 4

libthreadx.a: [14]
    tx_block_allocate.o                   156
    tx_block_pool_cleanup.o               124
    tx_block_pool_create.o                164
    tx_block_release.o                    100
    tx_byte_allocate.o                    196
    tx_byte_pool_cleanup.o                124
    tx_byte_pool_create.o                 128
    tx_byte_pool_search.o                 248
    tx_event_flags_cleanup.o              132
    tx_event_flags_create.o                76
    tx_event_flags_get.o                  224
    tx_event_flags_set.o                  456
    tx_initialize_high_level.o             44                52
    tx_initialize_kernel_enter.o           68
    tx_mutex_cleanup.o                    188
    tx_mutex_create.o                      96
    tx_mutex_get.o                        272
    tx_mutex_prioritize.o                 156
    tx_mutex_priority_change.o            204
    tx_mutex_put.o                        470
    tx_queue_cleanup.o                    132
    tx_queue_create.o                     116
    tx_queue_receive.o                    456
    tx_queue_send.o                       340
    tx_semaphore_cleanup.o                124
    tx_semaphore_create.o                  80
    tx_semaphore_get.o                    144
    tx_semaphore_put.o                    104
    tx_thread_create.o                    292
    tx_thread_initialize.o                 64        4      172
    tx_thread_shell_entry.o               124
    tx_thread_sleep.o                     128
    tx_thread_system_preempt_check.o       64
    tx_thread_system_resume.o             288
    tx_thread_system_suspend.o            412
    tx_thread_time_slice.o                100
    tx_thread_timeout.o                    52
    tx_timer_expiration_process.o          32
    tx_timer_initialize.o                 160             1'384
    tx_timer_system_activate.o             96
    tx_timer_system_deactivate.o           44
    tx_timer_thread_entry.o               260
    txe_block_allocate.o                   80
    txe_block_pool_create.o               212
    txe_block_release.o                    32
    txe_byte_allocate.o                   128
    txe_byte_pool_create.o                192
    txe_event_flags_create.o              164
    txe_event_flags_get.o                  84
    txe_event_flags_set.o                  44
    txe_mutex_create.o                    180
    txe_mutex_get.o                       104
    txe_mutex_put.o                        56
    txe_queue_create.o                    212
    txe_queue_receive.o                    80
    txe_queue_send.o                       80
    txe_semaphore_create.o                160
    txe_semaphore_get.o                    72
    txe_semaphore_put.o                    24
    txe_thread_create.o                   324
    -----------------------------------------------------------
    Total:                              9'466        4    1'608

m7M_tlv.a: [15]
    DblToS64.o                            102
    S64ToDbl.o                             84
    fpinit_M.o                             34
    frexp.o                               124
    iar_Exp64.o                           704
    ldexp.o                               240
    modf.o                                158
    pow64.o                             1'300    1'056
    -----------------------------------------------------------
    Total:                              2'746    1'056

rt7M_tl.a: [16]
    ABImemclr4.o                            6
    ABImemcpy.o                           166
    ABImemset.o                           102
    ABImemset48.o                          50
    I64DivMod.o                           628
    I64DivZer.o                             2
    cexit.o                                10
    cmain.o                                30
    copy_init3.o                           42
    cstartup_M.o                           28
    data_init.o                            40
    strlen.o                               54
    zero_init3.o                           56
    -----------------------------------------------------------
    Total:                              1'214

shb_l.a: [17]
    exit.o                                 20
    -----------------------------------------------------------
    Total:                                 20

    Gaps                                    8        2
    Linker created                                  44    2'048
---------------------------------------------------------------
    Grand Total:                       27'604    3'160   14'665


*******************************************************************************
*** ENTRY LIST
***

Entry                       Address    Size  Type      Object
-----                       -------    ----  ----      ------
.iar.init_table$$Base        0x731c           --   Gb  - Linker created -
.iar.init_table$$Limit       0x7348           --   Gb  - Linker created -
?main                        0x7349          Code  Gb  cmain.o [16]
ACMP1_IRQHandler             0x7829          Code  Wk  startup_MIMXRT1052.o [10]
ACMP2_IRQHandler             0x7829          Code  Wk  startup_MIMXRT1052.o [10]
ACMP3_IRQHandler             0x7829          Code  Wk  startup_MIMXRT1052.o [10]
ACMP4_IRQHandler             0x7829          Code  Wk  startup_MIMXRT1052.o [10]
ADC1_IRQHandler              0x7829          Code  Wk  startup_MIMXRT1052.o [10]
ADC2_IRQHandler              0x7829          Code  Wk  startup_MIMXRT1052.o [10]
ADC_ETC_ERROR_IRQ_IRQHandler
                             0x7829          Code  Wk  startup_MIMXRT1052.o [10]
ADC_ETC_IRQ0_IRQHandler
                             0x7829          Code  Wk  startup_MIMXRT1052.o [10]
ADC_ETC_IRQ1_IRQHandler
                             0x7829          Code  Wk  startup_MIMXRT1052.o [10]
ADC_ETC_IRQ2_IRQHandler
                             0x7829          Code  Wk  startup_MIMXRT1052.o [10]
ARM_MPU_Disable              0x3bf9    0x22  Code  Lc  board.o [3]
ARM_MPU_Enable               0x3bd9    0x20  Code  Lc  board.o [3]
BEE_IRQHandler               0x7829          Code  Wk  startup_MIMXRT1052.o [10]
BOARD_BootClockRUN           0x1f79   0x5aa  Code  Gb  clock_config.o [3]
BOARD_ConfigMPU              0x3cd3   0x216  Code  Gb  board.o [3]
BOARD_DebugConsoleSrcFreq
                             0x3c81    0x3a  Code  Gb  board.o [3]
BOARD_InitBootClocks         0x1f71     0x8  Code  Gb  clock_config.o [3]
BOARD_InitBootPins           0x4017     0x8  Code  Gb  pin_mux.o [3]
BOARD_InitDebugConsole       0x3cbb    0x18  Code  Gb  board.o [3]
BOARD_InitPins               0x401f    0x64  Code  Gb  pin_mux.o [3]
BusFault_Handler             0x2f57          Code  Wk  startup_MIMXRT1052.o [10]
CAN1_DriverIRQHandler        0x7829          Code  Wk  startup_MIMXRT1052.o [10]
CAN1_IRQHandler              0x77b1          Code  Wk  startup_MIMXRT1052.o [10]
CAN2_DriverIRQHandler        0x7829          Code  Wk  startup_MIMXRT1052.o [10]
CAN2_IRQHandler              0x77b9          Code  Wk  startup_MIMXRT1052.o [10]
CCM_1_IRQHandler             0x7829          Code  Wk  startup_MIMXRT1052.o [10]
CCM_2_IRQHandler             0x7829          Code  Wk  startup_MIMXRT1052.o [10]
CLOCK_ControlGate            0x1e71    0x50  Code  Lc  clock_config.o [3]
CLOCK_ControlGate            0x3225    0x50  Code  Lc  fsl_lpuart.o [8]
CLOCK_ControlGate            0x3f91    0x4a  Code  Lc  pin_mux.o [3]
CLOCK_DeinitAudioPll         0x2873     0xc  Code  Gb  fsl_clock.o [8]
CLOCK_DeinitEnetPll          0x287f     0xc  Code  Gb  fsl_clock.o [8]
CLOCK_DeinitUsb2Pll          0x2869     0xa  Code  Gb  fsl_clock.o [8]
CLOCK_DisableClock           0x1ec1    0x10  Code  Lc  clock_config.o [3]
CLOCK_EnableClock            0x3275    0x10  Code  Lc  fsl_lpuart.o [8]
CLOCK_EnableClock            0x3fdb    0x10  Code  Lc  pin_mux.o [3]
CLOCK_GetDiv                 0x3c45    0x2a  Code  Lc  board.o [3]
CLOCK_GetMux                 0x3c1b    0x2a  Code  Lc  board.o [3]
CLOCK_GetOscFreq             0x3c6f    0x12  Code  Lc  board.o [3]
CLOCK_GetOscFreq             0x26a1    0x18  Code  Lc  fsl_clock.o [8]
CLOCK_GetPllBypassRefClk
                             0x26df    0x22  Code  Lc  fsl_clock.o [8]
CLOCK_GetPllFreq             0x2895   0x294  Code  Gb  fsl_clock.o [8]
CLOCK_GetPllFreq::enetRefClkFreq
                             0x7578    0x10  Data  Lc  fsl_clock.o [8]
CLOCK_InitArmPll             0x2775    0x40  Code  Gb  fsl_clock.o [8]
CLOCK_InitExternalClk        0x2701    0x4a  Code  Gb  fsl_clock.o [8]
CLOCK_InitRcOsc24M           0x2767     0xe  Code  Gb  fsl_clock.o [8]
CLOCK_InitSysPfd             0x2b29    0x36  Code  Gb  fsl_clock.o [8]
CLOCK_InitSysPll             0x27b5    0x74  Code  Gb  fsl_clock.o [8]
CLOCK_InitUsb1Pfd            0x2b5f    0x36  Code  Gb  fsl_clock.o [8]
CLOCK_InitUsb1Pll            0x2829    0x40  Code  Gb  fsl_clock.o [8]
CLOCK_IsPllBypassed          0x26b9    0x10  Code  Lc  fsl_clock.o [8]
CLOCK_IsPllEnabled           0x26c9    0x16  Code  Lc  fsl_clock.o [8]
CLOCK_SetDiv                 0x1e07    0x6a  Code  Lc  clock_config.o [3]
CLOCK_SetMux                 0x1d9d    0x6a  Code  Lc  clock_config.o [3]
CLOCK_SetPllBypass           0x1ee1    0x2c  Code  Lc  clock_config.o [3]
CLOCK_SetRtcXtalFreq         0x1ed9     0x8  Code  Lc  clock_config.o [3]
CLOCK_SetXtalFreq            0x1ed1     0x8  Code  Lc  clock_config.o [3]
CLOCK_SwitchOsc              0x274b    0x1c  Code  Gb  fsl_clock.o [8]
CORE_IRQHandler              0x7829          Code  Wk  startup_MIMXRT1052.o [10]
CSI_IRQHandler               0x7829          Code  Wk  startup_MIMXRT1052.o [10]
CSTACK$$Base            0x2001'fc00           --   Gb  - Linker created -
CSTACK$$Limit           0x2002'0000           --   Gb  - Linker created -
CSU_IRQHandler               0x7829          Code  Wk  startup_MIMXRT1052.o [10]
CTI0_ERROR_IRQHandler        0x7829          Code  Wk  startup_MIMXRT1052.o [10]
CTI1_ERROR_IRQHandler        0x7829          Code  Wk  startup_MIMXRT1052.o [10]
ConvertFloatRadixNumToString
                              0x999   0x1b6  Code  Lc  fsl_str.o [11]
ConvertRadixNumToString
                              0x80d   0x18a  Code  Lc  fsl_str.o [11]
DCDC_IRQHandler              0x7829          Code  Wk  startup_MIMXRT1052.o [10]
DCP_IRQHandler               0x7829          Code  Wk  startup_MIMXRT1052.o [10]
DCP_VMI_IRQHandler           0x7829          Code  Wk  startup_MIMXRT1052.o [10]
DMA0_DMA16_DriverIRQHandler
                             0x7829          Code  Wk  startup_MIMXRT1052.o [10]
DMA0_DMA16_IRQHandler        0x76a9          Code  Wk  startup_MIMXRT1052.o [10]
DMA10_DMA26_DriverIRQHandler
                             0x7829          Code  Wk  startup_MIMXRT1052.o [10]
DMA10_DMA26_IRQHandler       0x76f9          Code  Wk  startup_MIMXRT1052.o [10]
DMA11_DMA27_DriverIRQHandler
                             0x7829          Code  Wk  startup_MIMXRT1052.o [10]
DMA11_DMA27_IRQHandler       0x7701          Code  Wk  startup_MIMXRT1052.o [10]
DMA12_DMA28_DriverIRQHandler
                             0x7829          Code  Wk  startup_MIMXRT1052.o [10]
DMA12_DMA28_IRQHandler       0x7709          Code  Wk  startup_MIMXRT1052.o [10]
DMA13_DMA29_DriverIRQHandler
                             0x7829          Code  Wk  startup_MIMXRT1052.o [10]
DMA13_DMA29_IRQHandler       0x7711          Code  Wk  startup_MIMXRT1052.o [10]
DMA14_DMA30_DriverIRQHandler
                             0x7829          Code  Wk  startup_MIMXRT1052.o [10]
DMA14_DMA30_IRQHandler       0x7719          Code  Wk  startup_MIMXRT1052.o [10]
DMA15_DMA31_DriverIRQHandler
                             0x7829          Code  Wk  startup_MIMXRT1052.o [10]
DMA15_DMA31_IRQHandler       0x7721          Code  Wk  startup_MIMXRT1052.o [10]
DMA1_DMA17_DriverIRQHandler
                             0x7829          Code  Wk  startup_MIMXRT1052.o [10]
DMA1_DMA17_IRQHandler        0x76b1          Code  Wk  startup_MIMXRT1052.o [10]
DMA2_DMA18_DriverIRQHandler
                             0x7829          Code  Wk  startup_MIMXRT1052.o [10]
DMA2_DMA18_IRQHandler        0x76b9          Code  Wk  startup_MIMXRT1052.o [10]
DMA3_DMA19_DriverIRQHandler
                             0x7829          Code  Wk  startup_MIMXRT1052.o [10]
DMA3_DMA19_IRQHandler        0x76c1          Code  Wk  startup_MIMXRT1052.o [10]
DMA4_DMA20_DriverIRQHandler
                             0x7829          Code  Wk  startup_MIMXRT1052.o [10]
DMA4_DMA20_IRQHandler        0x76c9          Code  Wk  startup_MIMXRT1052.o [10]
DMA5_DMA21_DriverIRQHandler
                             0x7829          Code  Wk  startup_MIMXRT1052.o [10]
DMA5_DMA21_IRQHandler        0x76d1          Code  Wk  startup_MIMXRT1052.o [10]
DMA6_DMA22_DriverIRQHandler
                             0x7829          Code  Wk  startup_MIMXRT1052.o [10]
DMA6_DMA22_IRQHandler        0x76d9          Code  Wk  startup_MIMXRT1052.o [10]
DMA7_DMA23_DriverIRQHandler
                             0x7829          Code  Wk  startup_MIMXRT1052.o [10]
DMA7_DMA23_IRQHandler        0x76e1          Code  Wk  startup_MIMXRT1052.o [10]
DMA8_DMA24_DriverIRQHandler
                             0x7829          Code  Wk  startup_MIMXRT1052.o [10]
DMA8_DMA24_IRQHandler        0x76e9          Code  Wk  startup_MIMXRT1052.o [10]
DMA9_DMA25_DriverIRQHandler
                             0x7829          Code  Wk  startup_MIMXRT1052.o [10]
DMA9_DMA25_IRQHandler        0x76f1          Code  Wk  startup_MIMXRT1052.o [10]
DMA_ERROR_DriverIRQHandler
                             0x7829          Code  Wk  startup_MIMXRT1052.o [10]
DMA_ERROR_IRQHandler         0x7729          Code  Wk  startup_MIMXRT1052.o [10]
DbgConsole_Init              0x2c89    0xfe  Code  Gb  fsl_debug_console.o [11]
DbgConsole_PrintCallback
                             0x2c4b    0x3e  Code  Lc  fsl_debug_console.o [11]
DbgConsole_Printf            0x2d87    0x18  Code  Gb  fsl_debug_console.o [11]
DbgConsole_SendDataReliable
                             0x2c11    0x3a  Code  Gb  fsl_debug_console.o [11]
DbgConsole_Vprintf           0x2d9f    0x42  Code  Gb  fsl_debug_console.o [11]
DebugMon_Handler             0x3043          Code  Wk  startup_MIMXRT1052.o [10]
DefaultISR                   0x7829          Code  Wk  startup_MIMXRT1052.o [10]
DisableGlobalIRQ             0x2df9     0x8  Code  Lc  fsl_component_serial_manager.o [5]
DisableGlobalIRQ             0x4a75     0x8  Code  Lc  tx_initialize_low_level.o [1]
ENC1_IRQHandler              0x7829          Code  Wk  startup_MIMXRT1052.o [10]
ENC2_IRQHandler              0x7829          Code  Wk  startup_MIMXRT1052.o [10]
ENC3_IRQHandler              0x7829          Code  Wk  startup_MIMXRT1052.o [10]
ENC4_IRQHandler              0x7829          Code  Wk  startup_MIMXRT1052.o [10]
ENET_1588_Timer_DriverIRQHandler
                             0x7829          Code  Wk  startup_MIMXRT1052.o [10]
ENET_1588_Timer_IRQHandler
                             0x7819          Code  Wk  startup_MIMXRT1052.o [10]
ENET_DriverIRQHandler        0x7829          Code  Wk  startup_MIMXRT1052.o [10]
ENET_IRQHandler              0x7811          Code  Wk  startup_MIMXRT1052.o [10]
EWM_IRQHandler               0x7829          Code  Wk  startup_MIMXRT1052.o [10]
EnableGlobalIRQ              0x2e01     0x6  Code  Lc  fsl_component_serial_manager.o [5]
FLEXIO1_DriverIRQHandler
                             0x7829          Code  Wk  startup_MIMXRT1052.o [10]
FLEXIO1_IRQHandler           0x77e9          Code  Wk  startup_MIMXRT1052.o [10]
FLEXIO2_DriverIRQHandler
                             0x7829          Code  Wk  startup_MIMXRT1052.o [10]
FLEXIO2_IRQHandler           0x77f1          Code  Wk  startup_MIMXRT1052.o [10]
FLEXRAM_IRQHandler           0x7829          Code  Wk  startup_MIMXRT1052.o [10]
FLEXSPI_DriverIRQHandler
                             0x7829          Code  Wk  startup_MIMXRT1052.o [10]
FLEXSPI_IRQHandler           0x77f9          Code  Wk  startup_MIMXRT1052.o [10]
GPC_IRQHandler               0x7829          Code  Wk  startup_MIMXRT1052.o [10]
GPIO1_Combined_0_15_IRQHandler
                             0x7829          Code  Wk  startup_MIMXRT1052.o [10]
GPIO1_Combined_16_31_IRQHandler
                             0x7829          Code  Wk  startup_MIMXRT1052.o [10]
GPIO1_INT0_IRQHandler        0x7829          Code  Wk  startup_MIMXRT1052.o [10]
GPIO1_INT1_IRQHandler        0x7829          Code  Wk  startup_MIMXRT1052.o [10]
GPIO1_INT2_IRQHandler        0x7829          Code  Wk  startup_MIMXRT1052.o [10]
GPIO1_INT3_IRQHandler        0x7829          Code  Wk  startup_MIMXRT1052.o [10]
GPIO1_INT4_IRQHandler        0x7829          Code  Wk  startup_MIMXRT1052.o [10]
GPIO1_INT5_IRQHandler        0x7829          Code  Wk  startup_MIMXRT1052.o [10]
GPIO1_INT6_IRQHandler        0x7829          Code  Wk  startup_MIMXRT1052.o [10]
GPIO1_INT7_IRQHandler        0x7829          Code  Wk  startup_MIMXRT1052.o [10]
GPIO2_Combined_0_15_IRQHandler
                             0x7829          Code  Wk  startup_MIMXRT1052.o [10]
GPIO2_Combined_16_31_IRQHandler
                             0x7829          Code  Wk  startup_MIMXRT1052.o [10]
GPIO3_Combined_0_15_IRQHandler
                             0x7829          Code  Wk  startup_MIMXRT1052.o [10]
GPIO3_Combined_16_31_IRQHandler
                             0x7829          Code  Wk  startup_MIMXRT1052.o [10]
GPIO4_Combined_0_15_IRQHandler
                             0x7829          Code  Wk  startup_MIMXRT1052.o [10]
GPIO4_Combined_16_31_IRQHandler
                             0x7829          Code  Wk  startup_MIMXRT1052.o [10]
GPIO5_Combined_0_15_IRQHandler
                             0x7829          Code  Wk  startup_MIMXRT1052.o [10]
GPIO5_Combined_16_31_IRQHandler
                             0x7829          Code  Wk  startup_MIMXRT1052.o [10]
GPR_IRQ_IRQHandler           0x7829          Code  Wk  startup_MIMXRT1052.o [10]
GPT1_IRQHandler              0x7829          Code  Wk  startup_MIMXRT1052.o [10]
GPT2_IRQHandler              0x7829          Code  Wk  startup_MIMXRT1052.o [10]
HAL_UartGetStatus            0x3045    0x12  Code  Lc  fsl_adapter_lpuart.o [6]
HAL_UartInit                 0x3119    0x7a  Code  Gb  fsl_adapter_lpuart.o [6]
HAL_UartInitCommon           0x3057    0xc2  Code  Lc  fsl_adapter_lpuart.o [6]
HAL_UartSendBlocking         0x3193    0x5a  Code  Gb  fsl_adapter_lpuart.o [6]
HEAD$$Limit                     0x0          Data  Gb  - Linker created -
HEAP$$Base              0x2000'3130           --   Gb  - Linker created -
HEAP$$Limit             0x2000'3530           --   Gb  - Linker created -
HardFault_Handler            0x192b          Code  Wk  startup_MIMXRT1052.o [10]
IOMUXC_MQSConfig             0x1f4d    0x24  Code  Lc  clock_config.o [3]
IOMUXC_SetPinConfig          0x4007    0x10  Code  Lc  pin_mux.o [3]
IOMUXC_SetPinMux             0x3feb    0x1c  Code  Lc  pin_mux.o [3]
IOMUXC_SetSaiMClkClockSource
                             0x1f0d    0x40  Code  Lc  clock_config.o [3]
KPP_IRQHandler               0x7829          Code  Wk  startup_MIMXRT1052.o [10]
LCDIF_IRQHandler             0x7829          Code  Wk  startup_MIMXRT1052.o [10]
LPI2C1_DriverIRQHandler
                             0x7829          Code  Wk  startup_MIMXRT1052.o [10]
LPI2C1_IRQHandler            0x7771          Code  Wk  startup_MIMXRT1052.o [10]
LPI2C2_DriverIRQHandler
                             0x7829          Code  Wk  startup_MIMXRT1052.o [10]
LPI2C2_IRQHandler            0x7779          Code  Wk  startup_MIMXRT1052.o [10]
LPI2C3_DriverIRQHandler
                             0x7829          Code  Wk  startup_MIMXRT1052.o [10]
LPI2C3_IRQHandler            0x7781          Code  Wk  startup_MIMXRT1052.o [10]
LPI2C4_DriverIRQHandler
                             0x7829          Code  Wk  startup_MIMXRT1052.o [10]
LPI2C4_IRQHandler            0x7789          Code  Wk  startup_MIMXRT1052.o [10]
LPSPI1_DriverIRQHandler
                             0x7829          Code  Wk  startup_MIMXRT1052.o [10]
LPSPI1_IRQHandler            0x7791          Code  Wk  startup_MIMXRT1052.o [10]
LPSPI2_DriverIRQHandler
                             0x7829          Code  Wk  startup_MIMXRT1052.o [10]
LPSPI2_IRQHandler            0x7799          Code  Wk  startup_MIMXRT1052.o [10]
LPSPI3_DriverIRQHandler
                             0x7829          Code  Wk  startup_MIMXRT1052.o [10]
LPSPI3_IRQHandler            0x77a1          Code  Wk  startup_MIMXRT1052.o [10]
LPSPI4_DriverIRQHandler
                             0x7829          Code  Wk  startup_MIMXRT1052.o [10]
LPSPI4_IRQHandler            0x77a9          Code  Wk  startup_MIMXRT1052.o [10]
LPUART1_DriverIRQHandler
                             0x3609    0x14  Code  Gb  fsl_lpuart.o [8]
LPUART1_IRQHandler           0x7731          Code  Wk  startup_MIMXRT1052.o [10]
LPUART2_DriverIRQHandler
                             0x361d    0x14  Code  Gb  fsl_lpuart.o [8]
LPUART2_IRQHandler           0x7739          Code  Wk  startup_MIMXRT1052.o [10]
LPUART3_DriverIRQHandler
                             0x3631    0x14  Code  Gb  fsl_lpuart.o [8]
LPUART3_IRQHandler           0x7741          Code  Wk  startup_MIMXRT1052.o [10]
LPUART4_DriverIRQHandler
                             0x3645    0x14  Code  Gb  fsl_lpuart.o [8]
LPUART4_IRQHandler           0x7749          Code  Wk  startup_MIMXRT1052.o [10]
LPUART5_DriverIRQHandler
                             0x3659    0x14  Code  Gb  fsl_lpuart.o [8]
LPUART5_IRQHandler           0x7751          Code  Wk  startup_MIMXRT1052.o [10]
LPUART6_DriverIRQHandler
                             0x366d    0x14  Code  Gb  fsl_lpuart.o [8]
LPUART6_IRQHandler           0x7759          Code  Wk  startup_MIMXRT1052.o [10]
LPUART7_DriverIRQHandler
                             0x3681    0x14  Code  Gb  fsl_lpuart.o [8]
LPUART7_IRQHandler           0x7761          Code  Wk  startup_MIMXRT1052.o [10]
LPUART8_DriverIRQHandler
                             0x3697    0x14  Code  Gb  fsl_lpuart.o [8]
LPUART8_IRQHandler           0x7769          Code  Wk  startup_MIMXRT1052.o [10]
LPUART_GetDefaultConfig
                             0x3523    0x6c  Code  Gb  fsl_lpuart.o [8]
LPUART_GetInstance           0x3297    0x34  Code  Gb  fsl_lpuart.o [8]
LPUART_Init                  0x32cb   0x258  Code  Gb  fsl_lpuart.o [8]
LPUART_SoftwareReset         0x3285    0x12  Code  Lc  fsl_lpuart.o [8]
LPUART_WriteBlocking         0x358f    0x42  Code  Gb  fsl_lpuart.o [8]
MemManage_Handler            0x192f          Code  Wk  startup_MIMXRT1052.o [10]
NCACHE_VAR$$Base        0x2020'0000           --   Gb  - Linker created -
NCACHE_VAR$$Limit       0x2020'0020           --   Gb  - Linker created -
NMI_Handler                  0x18f3          Code  Wk  startup_MIMXRT1052.o [10]
PIT_IRQHandler               0x7829          Code  Wk  startup_MIMXRT1052.o [10]
PMU_EVENT_IRQHandler         0x7829          Code  Wk  startup_MIMXRT1052.o [10]
PWM1_0_IRQHandler            0x7829          Code  Wk  startup_MIMXRT1052.o [10]
PWM1_1_IRQHandler            0x7829          Code  Wk  startup_MIMXRT1052.o [10]
PWM1_2_IRQHandler            0x7829          Code  Wk  startup_MIMXRT1052.o [10]
PWM1_3_IRQHandler            0x7829          Code  Wk  startup_MIMXRT1052.o [10]
PWM1_FAULT_IRQHandler        0x7829          Code  Wk  startup_MIMXRT1052.o [10]
PWM2_0_IRQHandler            0x7829          Code  Wk  startup_MIMXRT1052.o [10]
PWM2_1_IRQHandler            0x7829          Code  Wk  startup_MIMXRT1052.o [10]
PWM2_2_IRQHandler            0x7829          Code  Wk  startup_MIMXRT1052.o [10]
PWM2_3_IRQHandler            0x7829          Code  Wk  startup_MIMXRT1052.o [10]
PWM2_FAULT_IRQHandler        0x7829          Code  Wk  startup_MIMXRT1052.o [10]
PWM3_0_IRQHandler            0x7829          Code  Wk  startup_MIMXRT1052.o [10]
PWM3_1_IRQHandler            0x7829          Code  Wk  startup_MIMXRT1052.o [10]
PWM3_2_IRQHandler            0x7829          Code  Wk  startup_MIMXRT1052.o [10]
PWM3_3_IRQHandler            0x7829          Code  Wk  startup_MIMXRT1052.o [10]
PWM3_FAULT_IRQHandler        0x7829          Code  Wk  startup_MIMXRT1052.o [10]
PWM4_0_IRQHandler            0x7829          Code  Wk  startup_MIMXRT1052.o [10]
PWM4_1_IRQHandler            0x7829          Code  Wk  startup_MIMXRT1052.o [10]
PWM4_2_IRQHandler            0x7829          Code  Wk  startup_MIMXRT1052.o [10]
PWM4_3_IRQHandler            0x7829          Code  Wk  startup_MIMXRT1052.o [10]
PWM4_FAULT_IRQHandler        0x7829          Code  Wk  startup_MIMXRT1052.o [10]
PXP_IRQHandler               0x7829          Code  Wk  startup_MIMXRT1052.o [10]
PendSV_Handler               0x4b6d          Code  Gb  tx_thread_schedule.o [2]
PrintCheckFlags               0x739    0x58  Code  Lc  fsl_str.o [11]
PrintGetLengthFlag            0x791    0x50  Code  Lc  fsl_str.o [11]
PrintGetPrecision             0x497    0x8a  Code  Lc  fsl_str.o [11]
PrintGetRadixFromobpu         0x7e1    0x2c  Code  Lc  fsl_str.o [11]
PrintGetSignChar              0x401    0x34  Code  Lc  fsl_str.o [11]
PrintGetWidth                 0x435    0x62  Code  Lc  fsl_str.o [11]
PrintIsdi                     0x54b    0x1a  Code  Lc  fsl_str.o [11]
PrintIsfF                     0x705    0x1a  Code  Lc  fsl_str.o [11]
PrintIsobpu                   0x521    0x2a  Code  Lc  fsl_str.o [11]
PrintIsxX                     0x71f    0x1a  Code  Lc  fsl_str.o [11]
PrintOutputdifFobpu           0x565    0xac  Code  Lc  fsl_str.o [11]
PrintOutputxX                 0x611    0xf4  Code  Lc  fsl_str.o [11]
RTWDOG_IRQHandler            0x7829          Code  Wk  startup_MIMXRT1052.o [10]
RW$$Base                0x2000'0000           --   Gb  - Linker created -
RW$$Limit               0x2000'0008           --   Gb  - Linker created -
Region$$Table$$Base          0x731c           --   Gb  - Linker created -
Region$$Table$$Limit         0x7348           --   Gb  - Linker created -
Reserved115_IRQHandler       0x7829          Code  Wk  startup_MIMXRT1052.o [10]
Reserved123_IRQHandler       0x7829          Code  Wk  startup_MIMXRT1052.o [10]
Reserved143_IRQHandler       0x7829          Code  Wk  startup_MIMXRT1052.o [10]
Reserved144_IRQHandler       0x7829          Code  Wk  startup_MIMXRT1052.o [10]
Reserved68_IRQHandler        0x7829          Code  Wk  startup_MIMXRT1052.o [10]
Reserved78_IRQHandler        0x7829          Code  Wk  startup_MIMXRT1052.o [10]
Reserved86_IRQHandler        0x7829          Code  Wk  startup_MIMXRT1052.o [10]
Reserved87_IRQHandler        0x7829          Code  Wk  startup_MIMXRT1052.o [10]
Reset_Handler                0x7261          Code  Wk  startup_MIMXRT1052.o [10]
SAI1_DriverIRQHandler        0x7829          Code  Wk  startup_MIMXRT1052.o [10]
SAI1_IRQHandler              0x77c1          Code  Wk  startup_MIMXRT1052.o [10]
SAI2_DriverIRQHandler        0x7829          Code  Wk  startup_MIMXRT1052.o [10]
SAI2_IRQHandler              0x77c9          Code  Wk  startup_MIMXRT1052.o [10]
SAI3_RX_DriverIRQHandler
                             0x7829          Code  Wk  startup_MIMXRT1052.o [10]
SAI3_RX_IRQHandler           0x77d1          Code  Wk  startup_MIMXRT1052.o [10]
SAI3_TX_DriverIRQHandler
                             0x7829          Code  Wk  startup_MIMXRT1052.o [10]
SAI3_TX_IRQHandler           0x77d9          Code  Wk  startup_MIMXRT1052.o [10]
SEMC_IRQHandler              0x7829          Code  Wk  startup_MIMXRT1052.o [10]
SJC_IRQHandler               0x7829          Code  Wk  startup_MIMXRT1052.o [10]
SNVS_HP_WRAPPER_IRQHandler
                             0x7829          Code  Wk  startup_MIMXRT1052.o [10]
SNVS_HP_WRAPPER_TZ_IRQHandler
                             0x7829          Code  Wk  startup_MIMXRT1052.o [10]
SNVS_LP_WRAPPER_IRQHandler
                             0x7829          Code  Wk  startup_MIMXRT1052.o [10]
SPDIF_DriverIRQHandler       0x7829          Code  Wk  startup_MIMXRT1052.o [10]
SPDIF_IRQHandler             0x77e1          Code  Wk  startup_MIMXRT1052.o [10]
SRC_IRQHandler               0x7829          Code  Wk  startup_MIMXRT1052.o [10]
SVC_Handler                  0x300f          Code  Wk  startup_MIMXRT1052.o [10]
SerialManager_Init           0x2e63    0x4a  Code  Gb  fsl_component_serial_manager.o [5]
SerialManager_OpenReadHandle
                             0x2eef    0x54  Code  Gb  fsl_component_serial_manager.o [5]
SerialManager_OpenWriteHandle
                             0x2ead    0x42  Code  Gb  fsl_component_serial_manager.o [5]
SerialManager_StartWriting
                             0x2e07    0x2c  Code  Lc  fsl_component_serial_manager.o [5]
SerialManager_Write          0x2e33    0x30  Code  Lc  fsl_component_serial_manager.o [5]
SerialManager_WriteBlocking
                             0x2f43    0x14  Code  Gb  fsl_component_serial_manager.o [5]
Serial_UartInit              0x2fc7    0x26  Code  Gb  fsl_component_serial_port_uart.o [5]
Serial_UartWrite             0x2fed    0x22  Code  Gb  fsl_component_serial_port_uart.o [5]
StrFormatPrintf               0xb59   0x3de  Code  Gb  fsl_str.o [11]
SysTick_Config               0x4a45    0x30  Code  Lc  tx_initialize_low_level.o [1]
SysTick_Handler              0x4b0d     0x8  Code  Gb  tx_initialize_low_level.o [1]
SystemCoreClock         0x2000'0000     0x4  Data  Gb  system_MIMXRT1052.o [7]
SystemInit                   0x688d    0xc4  Code  Gb  system_MIMXRT1052.o [7]
SystemInitHook               0x6981     0x2  Code  Wk  system_MIMXRT1052.o [7]
TEMP_LOW_HIGH_IRQHandler
                             0x7829          Code  Wk  startup_MIMXRT1052.o [10]
TEMP_PANIC_IRQHandler        0x7829          Code  Wk  startup_MIMXRT1052.o [10]
TMR1_IRQHandler              0x7829          Code  Wk  startup_MIMXRT1052.o [10]
TMR2_IRQHandler              0x7829          Code  Wk  startup_MIMXRT1052.o [10]
TMR3_IRQHandler              0x7829          Code  Wk  startup_MIMXRT1052.o [10]
TMR4_IRQHandler              0x7829          Code  Wk  startup_MIMXRT1052.o [10]
TRNG_IRQHandler              0x7829          Code  Wk  startup_MIMXRT1052.o [10]
TSC_DIG_IRQHandler           0x7829          Code  Wk  startup_MIMXRT1052.o [10]
USB_OTG1_IRQHandler          0x7829          Code  Wk  startup_MIMXRT1052.o [10]
USB_OTG2_IRQHandler          0x7829          Code  Wk  startup_MIMXRT1052.o [10]
USB_PHY1_IRQHandler          0x7829          Code  Wk  startup_MIMXRT1052.o [10]
USB_PHY2_IRQHandler          0x7829          Code  Wk  startup_MIMXRT1052.o [10]
USDHC1_DriverIRQHandler
                             0x7829          Code  Wk  startup_MIMXRT1052.o [10]
USDHC1_IRQHandler            0x7801          Code  Wk  startup_MIMXRT1052.o [10]
USDHC2_DriverIRQHandler
                             0x7829          Code  Wk  startup_MIMXRT1052.o [10]
USDHC2_IRQHandler            0x7809          Code  Wk  startup_MIMXRT1052.o [10]
UsageFault_Handler           0x2f5f          Code  Wk  startup_MIMXRT1052.o [10]
WDOG1_IRQHandler             0x7829          Code  Wk  startup_MIMXRT1052.o [10]
WDOG2_IRQHandler             0x7829          Code  Wk  startup_MIMXRT1052.o [10]
XBAR1_IRQ_0_1_IRQHandler
                             0x7829          Code  Wk  startup_MIMXRT1052.o [10]
XBAR1_IRQ_2_3_IRQHandler
                             0x7829          Code  Wk  startup_MIMXRT1052.o [10]
ZI$$Base                0x2000'0008           --   Gb  - Linker created -
ZI$$Limit               0x2000'312c           --   Gb  - Linker created -
_SDK_AtomicLocalClearAndSet4Byte
                             0x1d85    0x18  Code  Lc  clock_config.o [3]
_SDK_AtomicLocalClearAndSet4Byte
                             0x320d    0x18  Code  Lc  fsl_lpuart.o [8]
_SDK_AtomicLocalClearAndSet4Byte
                             0x3f79    0x18  Code  Lc  pin_mux.o [3]
__NCACHE_REGION_SIZE {Abs}
                           0x4'0000          Data  Gb  <internal module>
__NCACHE_REGION_START {Abs}
                        0x2020'0000          Data  Gb  <internal module>
__NVIC_SetPriority           0x4a19    0x2c  Code  Lc  tx_initialize_low_level.o [1]
__RAM_VECTOR_TABLE_SIZE {Abs}
                                0x0          Data  Gb  <internal module>
__VECTOR_RAM {Abs}              0x0          Data  Gb  <internal module>
__VECTOR_TABLE {Abs}            0x0          Data  Gb  <internal module>
__Vectors                       0x0           --   Gb  startup_MIMXRT1052.o [10]
__Vectors_End                 0x400          Data  Gb  startup_MIMXRT1052.o [10]
__Vectors_Size {Abs}          0x400           --   Gb  startup_MIMXRT1052.o [10]
__aeabi_assert               0x2685    0x1c  Code  Gb  fsl_assert.o [11]
__aeabi_d2lz                 0x1791          Code  Gb  DblToS64.o [15]
__aeabi_l2d                  0x17f9          Code  Gb  S64ToDbl.o [15]
__aeabi_ldiv0                0x192d          Code  Gb  I64DivZer.o [16]
__aeabi_ldivmod               0xf41          Code  Gb  I64DivMod.o [16]
__aeabi_memclr4              0x2f59          Code  Gb  ABImemclr4.o [16]
__aeabi_memcpy               0x184d          Code  Gb  ABImemcpy.o [16]
__aeabi_memcpy4              0x186d          Code  Gb  ABImemcpy.o [16]
__aeabi_memcpy8              0x186d          Code  Gb  ABImemcpy.o [16]
__aeabi_memset               0x2f61          Code  Gb  ABImemset.o [16]
__aeabi_uldivmod              0xf85          Code  Gb  I64DivMod.o [16]
__cmain                      0x7349          Code  Gb  cmain.o [16]
__exit                       0x737d    0x14  Code  Gb  exit.o [17]
__iar_Errno             0x2000'3124     0x4  Tls   Gb  errno.o [13]
__iar_Exp64                  0x19d1   0x250  Code  Gb  iar_Exp64.o [15]
__iar_Memset                 0x2f61          Code  Gb  ABImemset.o [16]
__iar_Memset4_word           0x3011          Code  Gb  ABImemset48.o [16]
__iar_Memset8_word           0x3011          Code  Gb  ABImemset48.o [16]
__iar_Memset_word            0x2f69          Code  Gb  ABImemset.o [16]
__iar_copy_init3             0x1253    0x2a  Code  Gb  copy_init3.o [16]
__iar_data_init3             0x7289    0x28  Code  Gb  data_init.o [16]
__iar_errno_set_EDOM         0x1931     0xe  Code  Gb  errno.o [13]
__iar_errno_set_ERANGE       0x193f     0xc  Code  Gb  errno.o [13]
__iar_frexp                  0x196d          Code  Gb  frexp.o [15]
__iar_frexp64                0x1955          Code  Gb  frexp.o [15]
__iar_frexpl                 0x196d          Code  Gb  frexp.o [15]
__iar_init_vfp               0x72f9          Code  Gb  fpinit_M.o [15]
__iar_ldexp64                0x1c95          Code  Gb  ldexp.o [15]
__iar_modf                   0x11c5          Code  Gb  modf.o [15]
__iar_modf64                 0x11b5          Code  Gb  modf.o [15]
__iar_modfl                  0x11c5          Code  Gb  modf.o [15]
__iar_nothread_read_tp       0x1c91     0x4  Code  Gb  tp_nothreads.o [13]
__iar_pow64                  0x127d   0x4c4  Code  Gb  pow64.o [15]
__iar_pow_medium             0x127d   0x4c4  Code  Gb  pow64.o [15]
__iar_pow_medium64           0x127d   0x4c4  Code  Gb  pow64.o [15]
__iar_pow_mediuml            0x127d   0x4c4  Code  Gb  pow64.o [15]
__iar_program_start          0x73c9          Code  Gb  cstartup_M.o [16]
__iar_scalbln64              0x1c95          Code  Gb  ldexp.o [15]
__iar_scalbn64               0x1c95          Code  Gb  ldexp.o [15]
__iar_zero_init3             0x714d    0x38  Code  Gb  zero_init3.o [16]
__low_level_init             0x7367     0x4  Code  Gb  low_level_init.o [13]
__tx_PendSVHandler           0x4b6d          Code  Gb  tx_thread_schedule.o [2]
__vector_table                  0x0          Data  Gb  startup_MIMXRT1052.o [10]
__vector_table_0x1c            0x1c          Data  Gb  startup_MIMXRT1052.o [10]
_call_main                   0x7355          Code  Gb  cmain.o [16]
_exit                        0x7371          Code  Gb  cexit.o [16]
_tx_block_allocate           0x50bd    0x9c  Code  Gb  tx_block_allocate.o [14]
_tx_block_pool_cleanup       0x6e59    0x7c  Code  Gb  tx_block_pool_cleanup.o [14]
_tx_block_pool_create        0x5019    0xa4  Code  Gb  tx_block_pool_create.o [14]
_tx_block_pool_created_count
                        0x2000'2b04     0x4  Data  Gb  tx_initialize_high_level.o [14]
_tx_block_pool_created_ptr
                        0x2000'2b00     0x4  Data  Gb  tx_initialize_high_level.o [14]
_tx_block_release            0x5159    0x64  Code  Gb  tx_block_release.o [14]
_tx_build_options       0x2000'2b30     0x4  Data  Gb  tx_thread_initialize.o [14]
_tx_byte_allocate            0x4cc1    0xc4  Code  Gb  tx_byte_allocate.o [14]
_tx_byte_pool_cleanup        0x6ed5    0x7c  Code  Gb  tx_byte_pool_cleanup.o [14]
_tx_byte_pool_create         0x4c41    0x80  Code  Gb  tx_byte_pool_create.o [14]
_tx_byte_pool_created_count
                        0x2000'2b0c     0x4  Data  Gb  tx_initialize_high_level.o [14]
_tx_byte_pool_created_ptr
                        0x2000'2b08     0x4  Data  Gb  tx_initialize_high_level.o [14]
_tx_byte_pool_search         0x5e95    0xf8  Code  Gb  tx_byte_pool_search.o [14]
_tx_event_flags_cleanup
                             0x6ad1    0x84  Code  Gb  tx_event_flags_cleanup.o [14]
_tx_event_flags_create       0x4f6d    0x4c  Code  Gb  tx_event_flags_create.o [14]
_tx_event_flags_created_count
                        0x2000'2af4     0x4  Data  Gb  tx_initialize_high_level.o [14]
_tx_event_flags_created_ptr
                        0x2000'2af0     0x4  Data  Gb  tx_initialize_high_level.o [14]
_tx_event_flags_get          0x5935    0xe0  Code  Gb  tx_event_flags_get.o [14]
_tx_event_flags_set          0x5359   0x1c8  Code  Gb  tx_event_flags_set.o [14]
_tx_initialize_high_level
                             0x4b15    0x2c  Code  Gb  tx_initialize_high_level.o [14]
_tx_initialize_kernel_enter
                             0x40a1    0x44  Code  Gb  tx_initialize_kernel_enter.o [14]
_tx_initialize_low_level
                             0x4a7d    0x6c  Code  Gb  tx_initialize_low_level.o [1]
_tx_initialize_unused_memory
                        0x2000'2b10     0x4  Data  Gb  tx_initialize_high_level.o [14]
_tx_mutex_cleanup            0x6985    0x70  Code  Gb  tx_mutex_cleanup.o [14]
_tx_mutex_create             0x4fb9    0x60  Code  Gb  tx_mutex_create.o [14]
_tx_mutex_created_count
                        0x2000'2afc     0x4  Data  Gb  tx_initialize_high_level.o [14]
_tx_mutex_created_ptr   0x2000'2af8     0x4  Data  Gb  tx_initialize_high_level.o [14]
_tx_mutex_get                0x5a15   0x110  Code  Gb  tx_mutex_get.o [14]
_tx_mutex_prioritize         0x621d    0x9c  Code  Gb  tx_mutex_prioritize.o [14]
_tx_mutex_priority_change
                             0x6151    0xcc  Code  Gb  tx_mutex_priority_change.o [14]
_tx_mutex_put                0x5b25   0x1c6  Code  Gb  tx_mutex_put.o [14]
_tx_mutex_thread_release
                             0x69f5    0x3e  Code  Gb  tx_mutex_cleanup.o [14]
_tx_queue_cleanup            0x6b55    0x84  Code  Gb  tx_queue_cleanup.o [14]
_tx_queue_create             0x4ea9    0x74  Code  Gb  tx_queue_create.o [14]
_tx_queue_created_count
                        0x2000'2aec     0x4  Data  Gb  tx_initialize_high_level.o [14]
_tx_queue_created_ptr   0x2000'2ae8     0x4  Data  Gb  tx_initialize_high_level.o [14]
_tx_queue_receive            0x5675   0x1c8  Code  Gb  tx_queue_receive.o [14]
_tx_queue_send               0x5521   0x154  Code  Gb  tx_queue_send.o [14]
_tx_semaphore_cleanup        0x6f51    0x7c  Code  Gb  tx_semaphore_cleanup.o [14]
_tx_semaphore_create         0x4f1d    0x50  Code  Gb  tx_semaphore_create.o [14]
_tx_semaphore_created_count
                        0x2000'2ae4     0x4  Data  Gb  tx_initialize_high_level.o [14]
_tx_semaphore_created_ptr
                        0x2000'2ae0     0x4  Data  Gb  tx_initialize_high_level.o [14]
_tx_semaphore_get            0x583d    0x90  Code  Gb  tx_semaphore_get.o [14]
_tx_semaphore_put            0x58cd    0x68  Code  Gb  tx_semaphore_put.o [14]
_tx_thread_create            0x4d85   0x124  Code  Gb  tx_thread_create.o [14]
_tx_thread_created_count
                        0x2000'2b20     0x4  Data  Gb  tx_thread_initialize.o [14]
_tx_thread_created_ptr  0x2000'2b1c     0x4  Data  Gb  tx_thread_initialize.o [14]
_tx_thread_current_ptr  0x2000'2b14     0x4  Data  Gb  tx_thread_initialize.o [14]
_tx_thread_execute_ptr  0x2000'2b18     0x4  Data  Gb  tx_thread_initialize.o [14]
_tx_thread_highest_priority
                        0x2000'2b24     0x4  Data  Gb  tx_thread_initialize.o [14]
_tx_thread_initialize        0x5db5    0x40  Code  Gb  tx_thread_initialize.o [14]
_tx_thread_mutex_release
                        0x2000'2b2c     0x4  Data  Gb  tx_thread_initialize.o [14]
_tx_thread_preempt_disable
                        0x2000'2b28     0x4  Data  Gb  tx_thread_initialize.o [14]
_tx_thread_preempted_maps
                        0x2000'2b38     0x4  Data  Gb  tx_thread_initialize.o [14]
_tx_thread_priority_list
                        0x2000'2b3c    0x80  Data  Gb  tx_thread_initialize.o [14]
_tx_thread_priority_maps
                        0x2000'2b34     0x4  Data  Gb  tx_thread_initialize.o [14]
_tx_thread_schedule          0x4b41          Code  Gb  tx_thread_schedule.o [2]
_tx_thread_shell_entry       0x6fcd    0x7c  Code  Gb  tx_thread_shell_entry.o [14]
_tx_thread_sleep             0x4779    0x80  Code  Gb  tx_thread_sleep.o [14]
_tx_thread_stack_build       0x5f8d          Code  Gb  tx_thread_stack_build.o [2]
_tx_thread_system_preempt_check
                             0x4c01    0x40  Code  Gb  tx_thread_system_preempt_check.o [14]
_tx_thread_system_resume
                             0x5fd1   0x120  Code  Gb  tx_thread_system_resume.o [14]
_tx_thread_system_state
                        0x2000'0004     0x4  Data  Gb  tx_thread_initialize.o [14]
_tx_thread_system_suspend
                             0x51bd   0x19c  Code  Gb  tx_thread_system_suspend.o [14]
_tx_thread_time_slice        0x62d9    0x64  Code  Gb  tx_thread_time_slice.o [14]
_tx_thread_timeout           0x7185    0x34  Code  Gb  tx_thread_timeout.o [14]
_tx_timer_created_count
                        0x2000'2bd8     0x4  Data  Gb  tx_timer_initialize.o [14]
_tx_timer_created_ptr   0x2000'2bd4     0x4  Data  Gb  tx_timer_initialize.o [14]
_tx_timer_current_ptr   0x2000'2bcc     0x4  Data  Gb  tx_timer_initialize.o [14]
_tx_timer_expiration_process
                             0x62b9    0x20  Code  Gb  tx_timer_expiration_process.o [14]
_tx_timer_expired       0x2000'2bd0     0x4  Data  Gb  tx_timer_initialize.o [14]
_tx_timer_expired_time_slice
                        0x2000'2bc0     0x4  Data  Gb  tx_timer_initialize.o [14]
_tx_timer_expired_timer_ptr
                        0x2000'2bdc     0x4  Data  Gb  tx_timer_initialize.o [14]
_tx_timer_initialize         0x5df5    0x7e  Code  Gb  tx_timer_initialize.o [14]
_tx_timer_interrupt          0x5cfd          Code  Gb  tx_timer_interrupt.o [2]
_tx_timer_list          0x2000'2bf0    0x80  Data  Gb  tx_timer_initialize.o [14]
_tx_timer_list_end      0x2000'2bc8     0x4  Data  Gb  tx_timer_initialize.o [14]
_tx_timer_list_start    0x2000'2bc4     0x4  Data  Gb  tx_timer_initialize.o [14]
_tx_timer_priority      0x2000'2be8     0x4  Data  Gb  tx_timer_initialize.o [14]
_tx_timer_stack_size    0x2000'2be4     0x4  Data  Gb  tx_timer_initialize.o [14]
_tx_timer_stack_start   0x2000'2be0     0x4  Data  Gb  tx_timer_initialize.o [14]
_tx_timer_system_activate
                             0x60f1    0x60  Code  Gb  tx_timer_system_activate.o [14]
_tx_timer_system_clock  0x2000'2bbc     0x4  Data  Gb  tx_timer_initialize.o [14]
_tx_timer_system_deactivate
                             0x633d    0x2c  Code  Gb  tx_timer_system_deactivate.o [14]
_tx_timer_thread        0x2000'2c70    0xb4  Data  Gb  tx_timer_initialize.o [14]
_tx_timer_thread_entry       0x6789   0x104  Code  Gb  tx_timer_thread_entry.o [14]
_tx_timer_thread_stack_area
                        0x2000'2d24   0x400  Data  Gb  tx_timer_initialize.o [14]
_tx_timer_time_slice    0x2000'2bec     0x4  Data  Gb  tx_timer_initialize.o [14]
_txe_block_allocate          0x4709    0x50  Code  Gb  txe_block_allocate.o [14]
_txe_block_pool_create       0x4635    0xd4  Code  Gb  txe_block_pool_create.o [14]
_txe_block_release           0x4759    0x20  Code  Gb  txe_block_release.o [14]
_txe_byte_allocate           0x41a5    0x80  Code  Gb  txe_byte_allocate.o [14]
_txe_byte_pool_create        0x40e5    0xc0  Code  Gb  txe_byte_pool_create.o [14]
_txe_event_flags_create
                             0x44dd    0xa4  Code  Gb  txe_event_flags_create.o [14]
_txe_event_flags_get         0x4925    0x54  Code  Gb  txe_event_flags_get.o [14]
_txe_event_flags_set         0x47f9    0x2c  Code  Gb  txe_event_flags_set.o [14]
_txe_mutex_create            0x4581    0xb4  Code  Gb  txe_mutex_create.o [14]
_txe_mutex_get               0x4979    0x68  Code  Gb  txe_mutex_get.o [14]
_txe_mutex_put               0x49e1    0x38  Code  Gb  txe_mutex_put.o [14]
_txe_queue_create            0x4369    0xd4  Code  Gb  txe_queue_create.o [14]
_txe_queue_receive           0x4875    0x50  Code  Gb  txe_queue_receive.o [14]
_txe_queue_send              0x4825    0x50  Code  Gb  txe_queue_send.o [14]
_txe_semaphore_create        0x443d    0xa0  Code  Gb  txe_semaphore_create.o [14]
_txe_semaphore_get           0x48c5    0x48  Code  Gb  txe_semaphore_get.o [14]
_txe_semaphore_put           0x490d    0x18  Code  Gb  txe_semaphore_put.o [14]
_txe_thread_create           0x4225   0x144  Code  Gb  txe_thread_create.o [14]
armPllConfig_BOARD_BootClockRUN
                             0x7690     0x8  Data  Gb  clock_config.o [3]
block_pool_0            0x2000'06e8    0x30  Data  Gb  threadx_demo.o [9]
byte_pool_0             0x2000'06b4    0x34  Data  Gb  threadx_demo.o [9]
event_flags_0           0x2000'068c    0x28  Data  Gb  threadx_demo.o [9]
exit                         0x736b     0x4  Code  Gb  exit.o [13]
frexp                        0x1955          Code  Gb  frexp.o [15]
frexpl                       0x1955          Code  Gb  frexp.o [15]
g_rtcXtalFreq           0x2000'000c     0x4  Data  Gb  fsl_clock.o [8]
g_serialHandle          0x2000'0010     0x4  Data  Gb  fsl_debug_console.o [11]
g_xtalFreq              0x2000'0008     0x4  Data  Gb  fsl_clock.o [8]
ldexp                        0x1c95          Code  Gb  ldexp.o [15]
ldexpl                       0x1c95          Code  Gb  ldexp.o [15]
lnbias                       0x6368   0x420  Data  Lc  pow64.o [15]
main                         0x36d5    0x22  Code  Gb  threadx_demo.o [9]
mem_pool                0x2000'0740  0x23a0  Data  Gb  threadx_demo.o [9]
modf                         0x11b5          Code  Gb  modf.o [15]
modfl                        0x11b5          Code  Gb  modf.o [15]
mutex_0                 0x2000'0658    0x34  Data  Gb  threadx_demo.o [9]
pow                          0x127d   0x4c4  Code  Gb  pow64.o [15]
powl                         0x127d   0x4c4  Code  Gb  pow64.o [15]
queue_0                 0x2000'05fc    0x3c  Data  Gb  threadx_demo.o [9]
s_LpuartAdapterBase          0x72b0    0x24  Data  Lc  fsl_adapter_lpuart.o [6]
s_debugConsoleReadWaitSemaphore
                        0x2000'3128     0x1  Data  Lc  fsl_debug_console.o [11]
s_debugConsoleState     0x2020'0000    0x20  Data  Lc  fsl_debug_console.o [11]
s_lpuartBases                0x72d4    0x24  Data  Lc  fsl_lpuart.o [8]
s_lpuartClock                0x7544    0x14  Data  Lc  fsl_lpuart.o [8]
s_lpuartHandle          0x2000'0014    0x24  Data  Gb  fsl_lpuart.o [8]
s_lpuartIsr             0x2000'0038    0x24  Data  Gb  fsl_lpuart.o [8]
scalbln                      0x1c95          Code  Gb  ldexp.o [15]
scalblnl                     0x1c95          Code  Gb  ldexp.o [15]
scalbn                       0x1c95          Code  Gb  ldexp.o [15]
scalbnl                      0x1c95          Code  Gb  ldexp.o [15]
semaphore_0             0x2000'0638    0x20  Data  Gb  threadx_demo.o [9]
strlen                       0x18f5          Code  Gb  strlen.o [16]
sysPllConfig_BOARD_BootClockRUN
                             0x751c    0x14  Data  Gb  clock_config.o [3]
thread_0                0x2000'005c    0xb4  Data  Gb  threadx_demo.o [9]
thread_0_counter        0x2000'0718     0x4  Data  Gb  threadx_demo.o [9]
thread_0_entry               0x3975    0x30  Code  Gb  threadx_demo.o [9]
thread_1                0x2000'0110    0xb4  Data  Gb  threadx_demo.o [9]
thread_1_counter        0x2000'071c     0x4  Data  Gb  threadx_demo.o [9]
thread_1_entry               0x39a5    0x36  Code  Gb  threadx_demo.o [9]
thread_1_messages_sent  0x2000'0720     0x4  Data  Gb  threadx_demo.o [9]
thread_2                0x2000'01c4    0xb4  Data  Gb  threadx_demo.o [9]
thread_2_counter        0x2000'0724     0x4  Data  Gb  threadx_demo.o [9]
thread_2_entry               0x39dd    0x40  Code  Gb  threadx_demo.o [9]
thread_2_messages_received
                        0x2000'0728     0x4  Data  Gb  threadx_demo.o [9]
thread_3                0x2000'0278    0xb4  Data  Gb  threadx_demo.o [9]
thread_3_and_4_entry         0x3a1d    0x50  Code  Gb  threadx_demo.o [9]
thread_3_counter        0x2000'072c     0x4  Data  Gb  threadx_demo.o [9]
thread_4                0x2000'032c    0xb4  Data  Gb  threadx_demo.o [9]
thread_4_counter        0x2000'0730     0x4  Data  Gb  threadx_demo.o [9]
thread_5                0x2000'03e0    0xb4  Data  Gb  threadx_demo.o [9]
thread_5_counter        0x2000'0734     0x4  Data  Gb  threadx_demo.o [9]
thread_5_entry               0x3a6d    0x38  Code  Gb  threadx_demo.o [9]
thread_6                0x2000'0494    0xb4  Data  Gb  threadx_demo.o [9]
thread_6_and_7_entry         0x3aa5    0x6c  Code  Gb  threadx_demo.o [9]
thread_6_counter        0x2000'0738     0x4  Data  Gb  threadx_demo.o [9]
thread_7                0x2000'0548    0xb4  Data  Gb  threadx_demo.o [9]
thread_7_counter        0x2000'073c     0x4  Data  Gb  threadx_demo.o [9]
tx_application_define        0x36f7   0x27c  Code  Gb  threadx_demo.o [9]
tx_thread_fpu_disable        0x4bef          Code  Gb  tx_thread_schedule.o [2]
tx_thread_fpu_enable         0x4bef          Code  Gb  tx_thread_schedule.o [2]
usb1PllConfig_BOARD_BootClockRUN
                             0x17f6     0x2  Data  Gb  clock_config.o [3]


[1] = C:\Users\obed.oyandut\OneDrive - D.Med Consulting GmbH\Documents\Azure_RTOS_threadx_demo\threadx_modified\Debug\obj\azure-rtos\threadx\ports\common
[2] = C:\Users\obed.oyandut\OneDrive - D.Med Consulting GmbH\Documents\Azure_RTOS_threadx_demo\threadx_modified\Debug\obj\azure-rtos\threadx\ports\cortex_m7\iar\src
[3] = C:\Users\obed.oyandut\OneDrive - D.Med Consulting GmbH\Documents\Azure_RTOS_threadx_demo\threadx_modified\Debug\obj\board
[4] = C:\Users\obed.oyandut\OneDrive - D.Med Consulting GmbH\Documents\Azure_RTOS_threadx_demo\threadx_modified\Debug\obj\component\lists
[5] = C:\Users\obed.oyandut\OneDrive - D.Med Consulting GmbH\Documents\Azure_RTOS_threadx_demo\threadx_modified\Debug\obj\component\serial_manager
[6] = C:\Users\obed.oyandut\OneDrive - D.Med Consulting GmbH\Documents\Azure_RTOS_threadx_demo\threadx_modified\Debug\obj\component\uart
[7] = C:\Users\obed.oyandut\OneDrive - D.Med Consulting GmbH\Documents\Azure_RTOS_threadx_demo\threadx_modified\Debug\obj\device
[8] = C:\Users\obed.oyandut\OneDrive - D.Med Consulting GmbH\Documents\Azure_RTOS_threadx_demo\threadx_modified\Debug\obj\drivers
[9] = C:\Users\obed.oyandut\OneDrive - D.Med Consulting GmbH\Documents\Azure_RTOS_threadx_demo\threadx_modified\Debug\obj\source
[10] = C:\Users\obed.oyandut\OneDrive - D.Med Consulting GmbH\Documents\Azure_RTOS_threadx_demo\threadx_modified\Debug\obj\startup
[11] = C:\Users\obed.oyandut\OneDrive - D.Med Consulting GmbH\Documents\Azure_RTOS_threadx_demo\threadx_modified\Debug\obj\utilities
[12] = C:\Users\obed.oyandut\OneDrive - D.Med Consulting GmbH\Documents\Azure_RTOS_threadx_demo\threadx_modified\Debug\obj\xip
[13] = dl7M_tln.a
[14] = libthreadx.a
[15] = m7M_tlv.a
[16] = rt7M_tl.a
[17] = shb_l.a

  27'604 bytes of readonly  code memory
   3'160 bytes of readonly  data memory
  14'665 bytes of readwrite data memory

Errors: none
Warnings: none
